// Jest Snapshot v1, https://goo.gl/fbAQLP

exports[`Snapshot for no error msg 1`] = `<Fragment />`;

exports[`Snapshot with error msg 1`] = `
<Fragment>
  <WithStyles(ForwardRef(Typography))
    className="my-4"
    id="errMsg"
    variant="h2"
  >
    Sample error text
  </WithStyles(ForwardRef(Typography))>
</Fragment>
`;
