// Jest Snapshot v1, https://goo.gl/fbAQLP

exports[`Snapshot with showPlaylists false 1`] = `
<div
  className="tableContainer"
/>
`;

exports[`Snapshot with showPlaylists true 1`] = `
<div
  className="tableContainer"
>
  <WithStyles(ForwardRef(Table))>
    <WithStyles(ForwardRef(TableHead))>
      <WithStyles(ForwardRef(TableRow))>
        <WithStyles(ForwardRef(TableCell))>
          Your playlists
        </WithStyles(ForwardRef(TableCell))>
      </WithStyles(ForwardRef(TableRow))>
    </WithStyles(ForwardRef(TableHead))>
    <WithStyles(ForwardRef(TableBody))
      onClick={[MockFunction]}
    >
      <WithStyles(ForwardRef(TableRow))
        hover={true}
        key="New Playlist 2"
        selected={false}
      >
        <WithStyles(ForwardRef(TableCell))
          className="playlist-selection__item"
          id="3F94pf3iVnCOSe0lvHUuIl"
        >
          New Playlist 2
        </WithStyles(ForwardRef(TableCell))>
      </WithStyles(ForwardRef(TableRow))>
      <WithStyles(ForwardRef(TableRow))
        hover={true}
        key="api testing"
        selected={false}
      >
        <WithStyles(ForwardRef(TableCell))
          className="playlist-selection__item"
          id="3iKeac3IvswDw05mv1dc3z"
        >
          api testing
        </WithStyles(ForwardRef(TableCell))>
      </WithStyles(ForwardRef(TableRow))>
    </WithStyles(ForwardRef(TableBody))>
  </WithStyles(ForwardRef(Table))>
</div>
`;
