// Jest Snapshot v1, https://goo.gl/fbAQLP

exports[`SpotifyApp snapshot test 1`] = `
<Fragment>
  <div
    className="container"
  >
    <Header />
    <div
      className="button-container"
    >
      <LoginBtn
        loginVisible={true}
      />
      <UpdateBtn
        update={[Function]}
      />
      <PickPlaylistsBtn
        getPlaylists={[Function]}
      />
    </div>
    <Connect(ErrorMsg) />
    <TrackContext
      trackContext=""
    />
    <Loading
      loading={false}
    />
    <PlaylistSelection
      selectPlaylist={[Function]}
      showPlaylists={false}
    />
    <TrackedPlaylists
      addOrRemove={[Function]}
      currentTrack={null}
      trackedPlaylists={Array []}
    />
  </div>
</Fragment>
`;
