// Jest Snapshot v1, https://goo.gl/fbAQLP

exports[`SpotifyApp snapshot test 1`] = `
<Fragment>
  <WithStyles(CssBaseline)>
    <WithStyles(ForwardRef(Paper))>
      <Header />
      <LoginBtn
        loginVisible={true}
      />
      <UpdateBtn
        update={[Function]}
      />
      <PickPlaylistsBtn
        getPlaylists={[Function]}
      />
      <Connect(ErrorMsg) />
      <TrackContext
        trackContext=""
      />
      <Loading
        loading={false}
      />
      <PlaylistSelection
        selectPlaylist={[Function]}
        showPlaylists={false}
      />
      <TrackedPlaylists
        addOrRemove={[Function]}
        currentTrack={null}
        trackedPlaylists={Array []}
      />
    </WithStyles(ForwardRef(Paper))>
  </WithStyles(CssBaseline)>
</Fragment>
`;
