// Jest Snapshot v1, https://goo.gl/fbAQLP

exports[`CurrentTrack snapshot test 1`] = `
<Fragment>
  <WithStyles(ForwardRef(Typography))
    component="h3"
    variant="h5"
  >
    This is a test track
  </WithStyles(ForwardRef(Typography))>
</Fragment>
`;

exports[`CurrentTrack snapshot test no track 1`] = `<Fragment />`;
